// Jest Snapshot v1, https://goo.gl/fbAQLP

exports[`Product Card Component Render successfully 1`] = `
<div>
  <div
    class="my-4 w-full md:w-auto lg:w-32%"
  >
    <img
      alt="product picture"
      class="max-w-full h-auto rounded-lg object-center object-cover"
    />
    <div>
      <h3
        class="title-font font-bold capitalize text-xl"
      >
         
      </h3>
      <div
        class="flex gap-2"
      >
        <span
          class="text-black-200"
        >
           
        </span>
        <span
          class="text-gray-400"
        >
          |
        </span>
        <span
          class="text-neutral-400"
        />
      </div>
    </div>
  </div>
</div>
`;
