// Jest Snapshot v1, https://goo.gl/fbAQLP

exports[`Product Card Component Render successfully 1`] = `
<div>
  <div
    class="w-full md:w-1/3 lg:w-48% xl:w-18% border-2 rounded-lg relative my-6 undefined"
  >
    <div
      class="bg-white p-4 rounded-lg "
    >
      <img
        alt="content"
        class="h-40 rounded w-full object-contain object-center mb-6 max-w-full"
      />
      <span
        class="flex items-center"
      >
        <span
          class="mr-2"
        />
        <span
          class="ml-2"
        >
          (2)
        </span>
      </span>
      <h2
        class="text-lg text-gray-900 font-medium title-font my-2 uppercase"
      />
      <p
        class="leading-relaxed text-base line-clamp-2"
      />
      <p
        class="text-base text-neutral-400"
      >
         Rosy Beige
      </p>
    </div>
  </div>
</div>
`;
